<html>
<body>
<pre>
<h1>礦ision Build Log</h1>
<h2>Tool Versions:</h2>
IDE-Version: μVision V5.25.2.0
Copyright (C) 2018 ARM Ltd and ARM Germany GmbH. All rights reserved.
License Information: 4 3, 2, LIC=65IVE-5S5LW-DYCV3-AESIC-NM03E-MZ9HI
 
Tool Versions:
Toolchain:       MDK-ARM Plus  Version: 5.25.2.0
Toolchain Path:  G:\Keil_v5\ARM\ARMCC\Bin
C Compiler:      Armcc.exe V5.06 update 6 (build 750)
Assembler:       Armasm.exe V5.06 update 6 (build 750)
Linker/Locator:  ArmLink.exe V5.06 update 6 (build 750)
Library Manager: ArmAr.exe V5.06 update 6 (build 750)
Hex Converter:   FromElf.exe V5.06 update 6 (build 750)
CPU DLL:         SARMCM3.DLL V5.25.2.0
Dialog DLL:      DARMSTM.DLL V1.68.0.0
Target DLL:      UL2CM3.DLL V1.160.12.0
Dialog DLL:      TARMSTM.DLL V1.66.0.0
 
<h2>Project:</h2>
D:\项目\compile\基于IOT的无人快递站点\Two\机械臂\servor.uvproj
Project File Date:  05/31/2019

<h2>Output:</h2>
*** Using Compiler 'V5.06 update 6 (build 750)', folder: 'G:\Keil_v5\ARM\ARMCC\Bin'
Build target 'Target 1'
assembling startup_stm32f10x_md.s...
compiling core_cm3.c...
compiling stm32f10x_dbgmcu.c...
compiling stm32f10x_crc.c...
compiling stm32f10x_bkp.c...
compiling misc.c...
compiling stm32f10x_cec.c...
compiling stm32f10x_dma.c...
compiling stm32f10x_dac.c...
compiling stm32f10x_adc.c...
compiling stm32f10x_can.c...
compiling stm32f10x_exti.c...
compiling stm32f10x_gpio.c...
compiling stm32f10x_flash.c...
compiling stm32f10x_iwdg.c...
compiling stm32f10x_pwr.c...
compiling stm32f10x_rtc.c...
compiling stm32f10x_i2c.c...
compiling stm32f10x_fsmc.c...
compiling stm32f10x_rcc.c...
compiling stm32f10x_sdio.c...
compiling stm32f10x_spi.c...
compiling stm32f10x_tim.c...
compiling common.c...
compiling stm32f10x_wwdg.c...
compiling stm32f10x_usart.c...
compiling timer.c...
compiling key.c...
compiling spi.c...
compiling servor.c...
compiling led.c...
compiling flash.c...
compiling Ps2.c...
HARDWARE\PS2\Ps2.c(126): warning:  #550-D: variable "temp"  was set but never used
  	static u8 temp=1;
HARDWARE\PS2\Ps2.c: 1 warning, 0 errors
compiling beep.c...
HARDWARE\Beep\beep.c(25): warning:  #1-D: last line of file ends without a newline
  }
HARDWARE\Beep\beep.c: 1 warning, 0 errors
compiling oneline.c...
compiling Adc.c...
compiling delay.c...
compiling system_stm32f10x.c...
compiling stm32f10x_it.c...
compiling Sensor.c...
compiling usart.c...
compiling main.c...
USER\main.c(96): warning:  #68-D: integer conversion resulted in a change of sign
  char All_down_num=-1;
USER\main.c(137): warning:  #177-D: variable "i"  was declared but never referenced
  		static unsigned int i=0;
USER\main.c(138): warning:  #177-D: variable "z"  was declared but never referenced
  		static unsigned int z=1;
USER\main.c(139): warning:  #177-D: variable "Res"  was declared but never referenced
  		u8 Res;		
USER\main.c(192): warning:  #186-D: pointless comparison of unsigned integer with zero
  	if (motor_data.CRC1 != 0x12345678 || motor_data.sum < 0 || motor_data.duoji_count  > MOTOR_NUM)//判断信息存储是否有错
USER\main.c(477): warning:  #225-D: the format string ends before this argument
  				sprintf(buf,"#\r\n",motor_data.sum);
USER\main.c(815): warning:  #167-D: argument of type "u8 *" is incompatible with parameter of type "char *"
  	UART_PutStr (USART1,datatemp);
USER\main.c: 7 warnings, 0 errors
compiling sys.c...
linking...
Program Size: Code=24512 RO-data=556 RW-data=432 ZI-data=6464  
FromELF: creating hex file...
".\Output\servor.axf" - 0 Error(s), 9 Warning(s).
Build Time Elapsed:  00:00:06
</pre>
</body>
</html>
